// Jest Snapshot v1, https://goo.gl/fbAQLP

exports[`App component should match component GlobalStyles 1`] = `null`;

exports[`App component should match component Routes 1`] = `null`;

exports[`App component should render GlobalStyles and Routes 1`] = `
<Fragment>
  <Routes />
  <Memo(l) />
</Fragment>
`;
